end
>=
=
continue
,
,
=
)
(
;
return
var
cond
->
=
*
num 39
->
:
break
tail
head
islist
or
num 187
id reak
not
-
->
