num 2983
(
num 3290239
num 2737
-
num 983434
-
num 4383
(
num 3293
)
